<?xml version="1.0" encoding="utf-8"?><testsuites name="pytest tests"><testsuite name="pytest" errors="0" failures="4" skipped="1" tests="224" time="42.289" timestamp="2026-04-25T23:58:44.764166-04:00" hostname="Michaels-MacBook-Air-3.local"><testcase classname="tests.test_basic" name="test_imports" file="tests/test_basic.py" line="7" time="0.000" /><testcase classname="tests.test_interpolated_king_pdf.TestInterpolatedKingPDFInit" name="test_default_grid_shapes" file="tests/test_interpolated_king_pdf.py" line="34" time="1.362" /><testcase classname="tests.test_interpolated_king_pdf.TestInterpolatedKingPDFInit" name="test_default_cutoff" file="tests/test_interpolated_king_pdf.py" line="39" time="0.650" /><testcase classname="tests.test_interpolated_king_pdf.TestInterpolatedKingPDFInit" name="test_custom_cutoff_stored" file="tests/test_interpolated_king_pdf.py" line="43" time="0.657" /><testcase classname="tests.test_interpolated_king_pdf.TestInterpolatedKingPDFInit" name="test_custom_grid_stored" file="tests/test_interpolated_king_pdf.py" line="47" time="0.042" /><testcase classname="tests.test_interpolated_king_pdf.TestInterpolatedKingPDFInit" name="test_log10_grids_match_points" file="tests/test_interpolated_king_pdf.py" line="54" time="0.666" /><testcase classname="tests.test_interpolated_king_pdf.TestInterpolatedKingPDFInit" name="test_norm_grid_shape" file="tests/test_interpolated_king_pdf.py" line="59" time="0.021" /><testcase classname="tests.test_interpolated_king_pdf.TestInterpolatedKingPDFInit" name="test_norm_grid_finite" file="tests/test_interpolated_king_pdf.py" line="65" time="0.661" /><testcase classname="tests.test_interpolated_king_pdf.TestInterpolatedKingPDFInit" name="test_norm_grid_positive" file="tests/test_interpolated_king_pdf.py" line="69" time="0.659" /><testcase classname="tests.test_interpolated_king_pdf.TestInterpolatedKingPDFNorm" name="test_norm_close_to_base[narrow-moderate]" file="tests/test_interpolated_king_pdf.py" line="81" time="0.656" /><testcase classname="tests.test_interpolated_king_pdf.TestInterpolatedKingPDFNorm" name="test_norm_close_to_base[wide-moderate]" file="tests/test_interpolated_king_pdf.py" line="81" time="0.657" /><testcase classname="tests.test_interpolated_king_pdf.TestInterpolatedKingPDFNorm" name="test_norm_close_to_base[moderate-heavy]" file="tests/test_interpolated_king_pdf.py" line="81" time="0.658" /><testcase classname="tests.test_interpolated_king_pdf.TestInterpolatedKingPDFNorm" name="test_norm_close_to_base[near-grid-edge]" file="tests/test_interpolated_king_pdf.py" line="81" time="0.654" /><testcase classname="tests.test_interpolated_king_pdf.TestInterpolatedKingPDFNorm" name="test_norm_positive[narrow-moderate]" file="tests/test_interpolated_king_pdf.py" line="88" time="0.657" /><testcase classname="tests.test_interpolated_king_pdf.TestInterpolatedKingPDFNorm" name="test_norm_positive[wide-moderate]" file="tests/test_interpolated_king_pdf.py" line="88" time="0.655" /><testcase classname="tests.test_interpolated_king_pdf.TestInterpolatedKingPDFNorm" name="test_norm_positive[moderate-heavy]" file="tests/test_interpolated_king_pdf.py" line="88" time="0.655" /><testcase classname="tests.test_interpolated_king_pdf.TestInterpolatedKingPDFNorm" name="test_norm_positive[near-grid-edge]" file="tests/test_interpolated_king_pdf.py" line="88" time="0.657" /><testcase classname="tests.test_interpolated_king_pdf.TestInterpolatedKingPDFNorm" name="test_norm_finite[narrow-moderate]" file="tests/test_interpolated_king_pdf.py" line="93" time="0.667" /><testcase classname="tests.test_interpolated_king_pdf.TestInterpolatedKingPDFNorm" name="test_norm_finite[wide-moderate]" file="tests/test_interpolated_king_pdf.py" line="93" time="0.661" /><testcase classname="tests.test_interpolated_king_pdf.TestInterpolatedKingPDFNorm" name="test_norm_finite[moderate-heavy]" file="tests/test_interpolated_king_pdf.py" line="93" time="0.655" /><testcase classname="tests.test_interpolated_king_pdf.TestInterpolatedKingPDFNorm" name="test_norm_finite[near-grid-edge]" file="tests/test_interpolated_king_pdf.py" line="93" time="0.654" /><testcase classname="tests.test_interpolated_king_pdf.TestInterpolatedKingPDFNorm" name="test_norm_array_input" file="tests/test_interpolated_king_pdf.py" line="98" time="0.653" /><testcase classname="tests.test_interpolated_king_pdf.TestInterpolatedKingPDFNorm" name="test_norm_array_matches_scalar" file="tests/test_interpolated_king_pdf.py" line="105" time="0.654" /><testcase classname="tests.test_interpolated_king_pdf.TestInterpolatedKingPDFNorm" name="test_raises_alpha_too_small" file="tests/test_interpolated_king_pdf.py" line="112" time="0.657" /><testcase classname="tests.test_interpolated_king_pdf.TestInterpolatedKingPDFNorm" name="test_raises_alpha_too_large" file="tests/test_interpolated_king_pdf.py" line="117" time="0.664" /><testcase classname="tests.test_interpolated_king_pdf.TestInterpolatedKingPDFNorm" name="test_raises_beta_too_small" file="tests/test_interpolated_king_pdf.py" line="122" time="0.664" /><testcase classname="tests.test_interpolated_king_pdf.TestInterpolatedKingPDFNorm" name="test_raises_beta_too_large" file="tests/test_interpolated_king_pdf.py" line="127" time="0.664" /><testcase classname="tests.test_interpolated_king_pdf.TestInterpolatedKingPDFPDF" name="test_pdf_close_to_base[narrow-moderate]" file="tests/test_interpolated_king_pdf.py" line="139" time="0.665" /><testcase classname="tests.test_interpolated_king_pdf.TestInterpolatedKingPDFPDF" name="test_pdf_close_to_base[wide-moderate]" file="tests/test_interpolated_king_pdf.py" line="139" time="0.665" /><testcase classname="tests.test_interpolated_king_pdf.TestInterpolatedKingPDFPDF" name="test_pdf_close_to_base[moderate-heavy]" file="tests/test_interpolated_king_pdf.py" line="139" time="0.667" /><testcase classname="tests.test_interpolated_king_pdf.TestInterpolatedKingPDFPDF" name="test_pdf_close_to_base[near-grid-edge]" file="tests/test_interpolated_king_pdf.py" line="139" time="0.666" /><testcase classname="tests.test_interpolated_king_pdf.TestInterpolatedKingPDFPDF" name="test_normalizes_to_one[narrow-moderate]" file="tests/test_interpolated_king_pdf.py" line="147" time="0.673" /><testcase classname="tests.test_interpolated_king_pdf.TestInterpolatedKingPDFPDF" name="test_normalizes_to_one[wide-moderate]" file="tests/test_interpolated_king_pdf.py" line="147" time="0.685" /><testcase classname="tests.test_interpolated_king_pdf.TestInterpolatedKingPDFPDF" name="test_normalizes_to_one[moderate-heavy]" file="tests/test_interpolated_king_pdf.py" line="147" time="0.667" /><testcase classname="tests.test_interpolated_king_pdf.TestInterpolatedKingPDFPDF" name="test_normalizes_to_one[near-grid-edge]" file="tests/test_interpolated_king_pdf.py" line="147" time="0.667" /><testcase classname="tests.test_interpolated_king_pdf.TestInterpolatedKingPDFPDF" name="test_zero_beyond_cutoff[1.5707963267948966]" file="tests/test_interpolated_king_pdf.py" line="154" time="0.665" /><testcase classname="tests.test_interpolated_king_pdf.TestInterpolatedKingPDFPDF" name="test_zero_beyond_cutoff[3.141592653589793]" file="tests/test_interpolated_king_pdf.py" line="154" time="0.664" /><testcase classname="tests.test_interpolated_king_pdf.TestInterpolatedKingPDFPDF" name="test_pdf_positive_inside_cutoff[narrow-moderate]" file="tests/test_interpolated_king_pdf.py" line="162" time="0.664" /><testcase classname="tests.test_interpolated_king_pdf.TestInterpolatedKingPDFPDF" name="test_pdf_positive_inside_cutoff[wide-moderate]" file="tests/test_interpolated_king_pdf.py" line="162" time="0.660" /><testcase classname="tests.test_interpolated_king_pdf.TestInterpolatedKingPDFPDF" name="test_pdf_positive_inside_cutoff[moderate-heavy]" file="tests/test_interpolated_king_pdf.py" line="162" time="0.655" /><testcase classname="tests.test_interpolated_king_pdf.TestInterpolatedKingPDFPDF" name="test_pdf_positive_inside_cutoff[near-grid-edge]" file="tests/test_interpolated_king_pdf.py" line="162" time="0.655" /><testcase classname="tests.test_interpolated_king_pdf.TestInterpolatedKingPDFCDF" name="test_cdf_close_to_base[narrow-moderate]" file="tests/test_interpolated_king_pdf.py" line="175" time="0.658" /><testcase classname="tests.test_interpolated_king_pdf.TestInterpolatedKingPDFCDF" name="test_cdf_close_to_base[wide-moderate]" file="tests/test_interpolated_king_pdf.py" line="175" time="0.657" /><testcase classname="tests.test_interpolated_king_pdf.TestInterpolatedKingPDFCDF" name="test_cdf_close_to_base[moderate-heavy]" file="tests/test_interpolated_king_pdf.py" line="175" time="0.658" /><testcase classname="tests.test_interpolated_king_pdf.TestInterpolatedKingPDFCDF" name="test_cdf_close_to_base[near-grid-edge]" file="tests/test_interpolated_king_pdf.py" line="175" time="0.661" /><testcase classname="tests.test_interpolated_king_pdf.TestInterpolatedKingPDFCDF" name="test_cdf_at_cutoff_is_one[narrow-moderate]" file="tests/test_interpolated_king_pdf.py" line="182" time="0.655" /><testcase classname="tests.test_interpolated_king_pdf.TestInterpolatedKingPDFCDF" name="test_cdf_at_cutoff_is_one[wide-moderate]" file="tests/test_interpolated_king_pdf.py" line="182" time="0.655" /><testcase classname="tests.test_interpolated_king_pdf.TestInterpolatedKingPDFCDF" name="test_cdf_at_cutoff_is_one[moderate-heavy]" file="tests/test_interpolated_king_pdf.py" line="182" time="0.655" /><testcase classname="tests.test_interpolated_king_pdf.TestInterpolatedKingPDFCDF" name="test_cdf_at_cutoff_is_one[near-grid-edge]" file="tests/test_interpolated_king_pdf.py" line="182" time="0.655" /><testcase classname="tests.test_interpolated_king_pdf.TestInterpolatedKingPDFSample" name="test_sample_length" file="tests/test_interpolated_king_pdf.py" line="194" time="0.819" /><testcase classname="tests.test_interpolated_king_pdf.TestInterpolatedKingPDFSample" name="test_samples_within_cutoff" file="tests/test_interpolated_king_pdf.py" line="198" time="0.827" /><testcase classname="tests.test_interpolated_king_pdf.TestInterpolatedKingPDFSample" name="test_sample_reproducible" file="tests/test_interpolated_king_pdf.py" line="204" time="0.986" /><testcase classname="tests.test_king_pdf.TestKingPDFInit" name="test_default_cutoff" file="tests/test_king_pdf.py" line="45" time="0.000" /><testcase classname="tests.test_king_pdf.TestKingPDFInit" name="test_custom_cutoff[0.7853981633974483]" file="tests/test_king_pdf.py" line="49" time="0.000" /><testcase classname="tests.test_king_pdf.TestKingPDFInit" name="test_custom_cutoff[1.5707963267948966]" file="tests/test_king_pdf.py" line="49" time="0.000" /><testcase classname="tests.test_king_pdf.TestKingPDFInit" name="test_custom_cutoff[3.141592653589793]" file="tests/test_king_pdf.py" line="49" time="0.000" /><testcase classname="tests.test_king_pdf.TestKingPDFEval" name="test_scalar_positive[narrow-moderate]" file="tests/test_king_pdf.py" line="61" time="0.000" /><testcase classname="tests.test_king_pdf.TestKingPDFEval" name="test_scalar_positive[wide-moderate]" file="tests/test_king_pdf.py" line="61" time="0.000" /><testcase classname="tests.test_king_pdf.TestKingPDFEval" name="test_scalar_positive[moderate-heavy]" file="tests/test_king_pdf.py" line="61" time="0.000" /><testcase classname="tests.test_king_pdf.TestKingPDFEval" name="test_scalar_positive[near-gaussian]" file="tests/test_king_pdf.py" line="61" time="0.000" /><testcase classname="tests.test_king_pdf.TestKingPDFEval" name="test_array_positive[narrow-moderate]" file="tests/test_king_pdf.py" line="66" time="0.001" /><testcase classname="tests.test_king_pdf.TestKingPDFEval" name="test_array_positive[wide-moderate]" file="tests/test_king_pdf.py" line="66" time="0.001" /><testcase classname="tests.test_king_pdf.TestKingPDFEval" name="test_array_positive[moderate-heavy]" file="tests/test_king_pdf.py" line="66" time="0.001" /><testcase classname="tests.test_king_pdf.TestKingPDFEval" name="test_array_positive[near-gaussian]" file="tests/test_king_pdf.py" line="66" time="0.001" /><testcase classname="tests.test_king_pdf.TestKingPDFEval" name="test_all_finite[narrow-moderate]" file="tests/test_king_pdf.py" line="73" time="0.001" /><testcase classname="tests.test_king_pdf.TestKingPDFEval" name="test_all_finite[wide-moderate]" file="tests/test_king_pdf.py" line="73" time="0.001" /><testcase classname="tests.test_king_pdf.TestKingPDFEval" name="test_all_finite[moderate-heavy]" file="tests/test_king_pdf.py" line="73" time="0.001" /><testcase classname="tests.test_king_pdf.TestKingPDFEval" name="test_all_finite[near-gaussian]" file="tests/test_king_pdf.py" line="73" time="0.001" /><testcase classname="tests.test_king_pdf.TestKingPDFEval" name="test_maximum_at_origin[narrow-moderate]" file="tests/test_king_pdf.py" line="79" time="0.003" /><testcase classname="tests.test_king_pdf.TestKingPDFEval" name="test_maximum_at_origin[wide-moderate]" file="tests/test_king_pdf.py" line="79" time="0.003" /><testcase classname="tests.test_king_pdf.TestKingPDFEval" name="test_maximum_at_origin[moderate-heavy]" file="tests/test_king_pdf.py" line="79" time="0.003" /><testcase classname="tests.test_king_pdf.TestKingPDFEval" name="test_maximum_at_origin[near-gaussian]" file="tests/test_king_pdf.py" line="79" time="0.003" /><testcase classname="tests.test_king_pdf.TestKingPDFEval" name="test_monotone_decreasing[narrow-moderate]" file="tests/test_king_pdf.py" line="87" time="0.002" /><testcase classname="tests.test_king_pdf.TestKingPDFEval" name="test_monotone_decreasing[wide-moderate]" file="tests/test_king_pdf.py" line="87" time="0.002" /><testcase classname="tests.test_king_pdf.TestKingPDFEval" name="test_monotone_decreasing[moderate-heavy]" file="tests/test_king_pdf.py" line="87" time="0.002" /><testcase classname="tests.test_king_pdf.TestKingPDFEval" name="test_monotone_decreasing[near-gaussian]" file="tests/test_king_pdf.py" line="87" time="0.002" /><testcase classname="tests.test_king_pdf.TestKingPDFEval" name="test_zero_beyond_cutoff[full-sphere]" file="tests/test_king_pdf.py" line="95" time="0.000"><skipped type="pytest.skip" message="no points strictly beyond cutoff within the sphere">/Users/mjlarson/icecube/icetray/scripts/king/kingmaker/tests/test_king_pdf.py:103: no points strictly beyond cutoff within the sphere</skipped></testcase><testcase classname="tests.test_king_pdf.TestKingPDFEval" name="test_zero_beyond_cutoff[half-sphere]" file="tests/test_king_pdf.py" line="95" time="0.000" /><testcase classname="tests.test_king_pdf.TestKingPDFEval" name="test_zero_beyond_cutoff[small-cutoff]" file="tests/test_king_pdf.py" line="95" time="0.000" /><testcase classname="tests.test_king_pdf.TestKingPDFEval" name="test_normalizes_to_one[narrow-moderate-full-sphere]" file="tests/test_king_pdf.py" line="105" time="0.082" /><testcase classname="tests.test_king_pdf.TestKingPDFEval" name="test_normalizes_to_one[narrow-moderate-half-sphere]" file="tests/test_king_pdf.py" line="105" time="0.082" /><testcase classname="tests.test_king_pdf.TestKingPDFEval" name="test_normalizes_to_one[narrow-moderate-small-cutoff]" file="tests/test_king_pdf.py" line="105" time="0.082" /><testcase classname="tests.test_king_pdf.TestKingPDFEval" name="test_normalizes_to_one[wide-moderate-full-sphere]" file="tests/test_king_pdf.py" line="105" time="0.082" /><testcase classname="tests.test_king_pdf.TestKingPDFEval" name="test_normalizes_to_one[wide-moderate-half-sphere]" file="tests/test_king_pdf.py" line="105" time="0.082" /><testcase classname="tests.test_king_pdf.TestKingPDFEval" name="test_normalizes_to_one[wide-moderate-small-cutoff]" file="tests/test_king_pdf.py" line="105" time="0.082" /><testcase classname="tests.test_king_pdf.TestKingPDFEval" name="test_normalizes_to_one[moderate-heavy-full-sphere]" file="tests/test_king_pdf.py" line="105" time="0.082" /><testcase classname="tests.test_king_pdf.TestKingPDFEval" name="test_normalizes_to_one[moderate-heavy-half-sphere]" file="tests/test_king_pdf.py" line="105" time="0.082" /><testcase classname="tests.test_king_pdf.TestKingPDFEval" name="test_normalizes_to_one[moderate-heavy-small-cutoff]" file="tests/test_king_pdf.py" line="105" time="0.082" /><testcase classname="tests.test_king_pdf.TestKingPDFEval" name="test_normalizes_to_one[near-gaussian-full-sphere]" file="tests/test_king_pdf.py" line="105" time="0.082" /><testcase classname="tests.test_king_pdf.TestKingPDFEval" name="test_normalizes_to_one[near-gaussian-half-sphere]" file="tests/test_king_pdf.py" line="105" time="0.082" /><testcase classname="tests.test_king_pdf.TestKingPDFEval" name="test_normalizes_to_one[near-gaussian-small-cutoff]" file="tests/test_king_pdf.py" line="105" time="0.082" /><testcase classname="tests.test_king_pdf.TestKingPDFEval" name="test_scalar_input_returns_finite" file="tests/test_king_pdf.py" line="115" time="0.000" /><testcase classname="tests.test_king_pdf.TestKingPDFEval" name="test_broadcasting_alpha_array" file="tests/test_king_pdf.py" line="120" time="0.000" /><testcase classname="tests.test_king_pdf.TestKingPDFEval" name="test_broadcasting_x_and_alpha" file="tests/test_king_pdf.py" line="129" time="0.001" /><testcase classname="tests.test_king_pdf.TestKingPDFCDF" name="test_cdf_at_zero_is_zero[narrow-moderate]" file="tests/test_king_pdf.py" line="144" time="0.000" /><testcase classname="tests.test_king_pdf.TestKingPDFCDF" name="test_cdf_at_zero_is_zero[wide-moderate]" file="tests/test_king_pdf.py" line="144" time="0.000" /><testcase classname="tests.test_king_pdf.TestKingPDFCDF" name="test_cdf_at_zero_is_zero[moderate-heavy]" file="tests/test_king_pdf.py" line="144" time="0.000" /><testcase classname="tests.test_king_pdf.TestKingPDFCDF" name="test_cdf_at_zero_is_zero[near-gaussian]" file="tests/test_king_pdf.py" line="144" time="0.000" /><testcase classname="tests.test_king_pdf.TestKingPDFCDF" name="test_cdf_at_cutoff_is_one[narrow-moderate-full-sphere]" file="tests/test_king_pdf.py" line="149" time="0.000" /><testcase classname="tests.test_king_pdf.TestKingPDFCDF" name="test_cdf_at_cutoff_is_one[narrow-moderate-half-sphere]" file="tests/test_king_pdf.py" line="149" time="0.000" /><testcase classname="tests.test_king_pdf.TestKingPDFCDF" name="test_cdf_at_cutoff_is_one[narrow-moderate-small-cutoff]" file="tests/test_king_pdf.py" line="149" time="0.000" /><testcase classname="tests.test_king_pdf.TestKingPDFCDF" name="test_cdf_at_cutoff_is_one[wide-moderate-full-sphere]" file="tests/test_king_pdf.py" line="149" time="0.000" /><testcase classname="tests.test_king_pdf.TestKingPDFCDF" name="test_cdf_at_cutoff_is_one[wide-moderate-half-sphere]" file="tests/test_king_pdf.py" line="149" time="0.000" /><testcase classname="tests.test_king_pdf.TestKingPDFCDF" name="test_cdf_at_cutoff_is_one[wide-moderate-small-cutoff]" file="tests/test_king_pdf.py" line="149" time="0.000" /><testcase classname="tests.test_king_pdf.TestKingPDFCDF" name="test_cdf_at_cutoff_is_one[moderate-heavy-full-sphere]" file="tests/test_king_pdf.py" line="149" time="0.000" /><testcase classname="tests.test_king_pdf.TestKingPDFCDF" name="test_cdf_at_cutoff_is_one[moderate-heavy-half-sphere]" file="tests/test_king_pdf.py" line="149" time="0.000" /><testcase classname="tests.test_king_pdf.TestKingPDFCDF" name="test_cdf_at_cutoff_is_one[moderate-heavy-small-cutoff]" file="tests/test_king_pdf.py" line="149" time="0.000" /><testcase classname="tests.test_king_pdf.TestKingPDFCDF" name="test_cdf_at_cutoff_is_one[near-gaussian-full-sphere]" file="tests/test_king_pdf.py" line="149" time="0.000" /><testcase classname="tests.test_king_pdf.TestKingPDFCDF" name="test_cdf_at_cutoff_is_one[near-gaussian-half-sphere]" file="tests/test_king_pdf.py" line="149" time="0.000" /><testcase classname="tests.test_king_pdf.TestKingPDFCDF" name="test_cdf_at_cutoff_is_one[near-gaussian-small-cutoff]" file="tests/test_king_pdf.py" line="149" time="0.000" /><testcase classname="tests.test_king_pdf.TestKingPDFCDF" name="test_cdf_monotone[narrow-moderate]" file="tests/test_king_pdf.py" line="157" time="0.004" /><testcase classname="tests.test_king_pdf.TestKingPDFCDF" name="test_cdf_monotone[wide-moderate]" file="tests/test_king_pdf.py" line="157" time="0.003" /><testcase classname="tests.test_king_pdf.TestKingPDFCDF" name="test_cdf_monotone[moderate-heavy]" file="tests/test_king_pdf.py" line="157" time="0.003" /><testcase classname="tests.test_king_pdf.TestKingPDFCDF" name="test_cdf_monotone[near-gaussian]" file="tests/test_king_pdf.py" line="157" time="0.003" /><testcase classname="tests.test_king_pdf.TestKingPDFCDF" name="test_cdf_one_beyond_cutoff[full-sphere]" file="tests/test_king_pdf.py" line="164" time="0.000" /><testcase classname="tests.test_king_pdf.TestKingPDFCDF" name="test_cdf_one_beyond_cutoff[half-sphere]" file="tests/test_king_pdf.py" line="164" time="0.000" /><testcase classname="tests.test_king_pdf.TestKingPDFCDF" name="test_cdf_one_beyond_cutoff[small-cutoff]" file="tests/test_king_pdf.py" line="164" time="0.000" /><testcase classname="tests.test_king_pdf.TestKingPDFCDF" name="test_cdf_bounded_zero_to_one[narrow-moderate]" file="tests/test_king_pdf.py" line="173" time="0.007" /><testcase classname="tests.test_king_pdf.TestKingPDFCDF" name="test_cdf_bounded_zero_to_one[wide-moderate]" file="tests/test_king_pdf.py" line="173" time="0.007" /><testcase classname="tests.test_king_pdf.TestKingPDFCDF" name="test_cdf_bounded_zero_to_one[moderate-heavy]" file="tests/test_king_pdf.py" line="173" time="0.007" /><testcase classname="tests.test_king_pdf.TestKingPDFCDF" name="test_cdf_bounded_zero_to_one[near-gaussian]" file="tests/test_king_pdf.py" line="173" time="0.007" /><testcase classname="tests.test_king_pdf.TestKingPDFCDF" name="test_cdf_consistent_with_pdf[narrow-moderate]" file="tests/test_king_pdf.py" line="181" time="0.033" /><testcase classname="tests.test_king_pdf.TestKingPDFCDF" name="test_cdf_consistent_with_pdf[wide-moderate]" file="tests/test_king_pdf.py" line="181" time="0.033" /><testcase classname="tests.test_king_pdf.TestKingPDFCDF" name="test_cdf_consistent_with_pdf[moderate-heavy]" file="tests/test_king_pdf.py" line="181" time="0.033" /><testcase classname="tests.test_king_pdf.TestKingPDFCDF" name="test_cdf_consistent_with_pdf[near-gaussian]" file="tests/test_king_pdf.py" line="181" time="0.033" /><testcase classname="tests.test_king_pdf.TestKingPDFNorm" name="test_norm_positive[narrow-moderate]" file="tests/test_king_pdf.py" line="198" time="0.000" /><testcase classname="tests.test_king_pdf.TestKingPDFNorm" name="test_norm_positive[wide-moderate]" file="tests/test_king_pdf.py" line="198" time="0.000" /><testcase classname="tests.test_king_pdf.TestKingPDFNorm" name="test_norm_positive[moderate-heavy]" file="tests/test_king_pdf.py" line="198" time="0.000" /><testcase classname="tests.test_king_pdf.TestKingPDFNorm" name="test_norm_positive[near-gaussian]" file="tests/test_king_pdf.py" line="198" time="0.000" /><testcase classname="tests.test_king_pdf.TestKingPDFNorm" name="test_norm_finite[narrow-moderate]" file="tests/test_king_pdf.py" line="203" time="0.000" /><testcase classname="tests.test_king_pdf.TestKingPDFNorm" name="test_norm_finite[wide-moderate]" file="tests/test_king_pdf.py" line="203" time="0.000" /><testcase classname="tests.test_king_pdf.TestKingPDFNorm" name="test_norm_finite[moderate-heavy]" file="tests/test_king_pdf.py" line="203" time="0.000" /><testcase classname="tests.test_king_pdf.TestKingPDFNorm" name="test_norm_finite[near-gaussian]" file="tests/test_king_pdf.py" line="203" time="0.000" /><testcase classname="tests.test_king_pdf.TestKingPDFNorm" name="test_norm_decreases_with_alpha" file="tests/test_king_pdf.py" line="208" time="0.000" /><testcase classname="tests.test_king_pdf.TestKingPDFNorm" name="test_norm_array_input" file="tests/test_king_pdf.py" line="215" time="0.000" /><testcase classname="tests.test_king_pdf.TestKingPDFSample" name="test_sample_length[10]" file="tests/test_king_pdf.py" line="229" time="0.328" /><testcase classname="tests.test_king_pdf.TestKingPDFSample" name="test_sample_length[100]" file="tests/test_king_pdf.py" line="229" time="0.332" /><testcase classname="tests.test_king_pdf.TestKingPDFSample" name="test_sample_length[1000]" file="tests/test_king_pdf.py" line="229" time="0.338" /><testcase classname="tests.test_king_pdf.TestKingPDFSample" name="test_samples_within_cutoff[0.7853981633974483]" file="tests/test_king_pdf.py" line="235" time="0.330" /><testcase classname="tests.test_king_pdf.TestKingPDFSample" name="test_samples_within_cutoff[1.5707963267948966]" file="tests/test_king_pdf.py" line="235" time="0.329" /><testcase classname="tests.test_king_pdf.TestKingPDFSample" name="test_samples_within_cutoff[3.141592653589793]" file="tests/test_king_pdf.py" line="235" time="0.328" /><testcase classname="tests.test_king_pdf.TestKingPDFSample" name="test_sample_reproducible_with_rng" file="tests/test_king_pdf.py" line="242" time="0.654" /><testcase classname="tests.test_king_pdf.TestKingPDFSample" name="test_sample_different_seeds_differ" file="tests/test_king_pdf.py" line="250" time="0.655" /><testcase classname="tests.test_king_pdf.TestKingPDFMarginalize" name="test_returns_two_arrays" file="tests/test_king_pdf.py" line="263" time="0.763" /><testcase classname="tests.test_king_pdf.TestKingPDFMarginalize" name="test_sindec_bins_sorted" file="tests/test_king_pdf.py" line="268" time="0.555" /><testcase classname="tests.test_king_pdf.TestKingPDFMarginalize" name="test_marginalized_nonnegative" file="tests/test_king_pdf.py" line="273" time="0.555" /><testcase classname="tests.test_king_pdf.TestKingPDFMarginalize" name="test_marginalized_lengths_match" file="tests/test_king_pdf.py" line="278" time="0.554" /><testcase classname="tests.test_king_pdf.TestKingPDFMarginalize" name="test_nbins_parameter" file="tests/test_king_pdf.py" line="283" time="0.218" /><testcase classname="tests.test_template_smeared_king_pdf.TestTemplateSmearedKingPDFInit" name="test_nside" file="tests/test_template_smeared_king_pdf.py" line="76" time="0.012" /><testcase classname="tests.test_template_smeared_king_pdf.TestTemplateSmearedKingPDFInit" name="test_lmax_default" file="tests/test_template_smeared_king_pdf.py" line="79" time="0.000" /><testcase classname="tests.test_template_smeared_king_pdf.TestTemplateSmearedKingPDFInit" name="test_custom_lmax" file="tests/test_template_smeared_king_pdf.py" line="82" time="0.010" /><testcase classname="tests.test_template_smeared_king_pdf.TestTemplateSmearedKingPDFInit" name="test_skymap_stored" file="tests/test_template_smeared_king_pdf.py" line="88" time="0.000" /><testcase classname="tests.test_template_smeared_king_pdf.TestTemplateSmearedKingPDFInit" name="test_skymap_alm_length" file="tests/test_template_smeared_king_pdf.py" line="91" time="0.000" /><testcase classname="tests.test_template_smeared_king_pdf.TestTemplateSmearedKingPDFInit" name="test_interpolation_method_stored" file="tests/test_template_smeared_king_pdf.py" line="95" time="0.000" /><testcase classname="tests.test_template_smeared_king_pdf.TestTemplateSmearedKingPDFInit" name="test_invalid_interpolation_method_raises" file="tests/test_template_smeared_king_pdf.py" line="98" time="0.000" /><testcase classname="tests.test_template_smeared_king_pdf.TestTemplateSmearedKingPDFInit" name="test_memory_limit_stored" file="tests/test_template_smeared_king_pdf.py" line="107" time="0.011" /><testcase classname="tests.test_template_smeared_king_pdf.TestTemplateSmearedKingPDFInit" name="test_bl_grid_shape" file="tests/test_template_smeared_king_pdf.py" line="116" time="0.000" /><testcase classname="tests.test_template_smeared_king_pdf.TestTemplateSmearedKingPDFInit" name="test_bl_grid_finite" file="tests/test_template_smeared_king_pdf.py" line="119" time="0.000" /><testcase classname="tests.test_template_smeared_king_pdf.TestTemplateSmearedKingPDFInit" name="test_eval_coords_empty_by_default" file="tests/test_template_smeared_king_pdf.py" line="122" time="0.000" /><testcase classname="tests.test_template_smeared_king_pdf.TestTemplateSmearedKingPDFInit" name="test_coords_set_at_init" file="tests/test_template_smeared_king_pdf.py" line="126" time="0.012" /><testcase classname="tests.test_template_smeared_king_pdf.TestTemplateSmearedKingPDFBl" name="test_bl_length" file="tests/test_template_smeared_king_pdf.py" line="146" time="0.000" /><testcase classname="tests.test_template_smeared_king_pdf.TestTemplateSmearedKingPDFBl" name="test_bl_finite" file="tests/test_template_smeared_king_pdf.py" line="150" time="0.000" /><testcase classname="tests.test_template_smeared_king_pdf.TestTemplateSmearedKingPDFBl" name="test_bl0_is_one" file="tests/test_template_smeared_king_pdf.py" line="154" time="0.000" /><testcase classname="tests.test_template_smeared_king_pdf.TestTemplateSmearedKingPDFBl" name="test_bl_decreasing_for_broad_psf" file="tests/test_template_smeared_king_pdf.py" line="159" time="0.000" /><testcase classname="tests.test_template_smeared_king_pdf.TestTemplateSmearedKingPDFBl" name="test_bl_nonnegative" file="tests/test_template_smeared_king_pdf.py" line="165" time="0.000" /><testcase classname="tests.test_template_smeared_king_pdf.TestTemplateSmearedKingPDFBl" name="test_nearest_and_linear_agree_near_grid_center" file="tests/test_template_smeared_king_pdf.py" line="169" time="0.021" /><testcase classname="tests.test_template_smeared_king_pdf.TestTemplateSmearedKingPDFBlGrid" name="test_shape" file="tests/test_template_smeared_king_pdf.py" line="198" time="0.000" /><testcase classname="tests.test_template_smeared_king_pdf.TestTemplateSmearedKingPDFBlGrid" name="test_monopole_column_is_one" file="tests/test_template_smeared_king_pdf.py" line="202" time="0.000" /><testcase classname="tests.test_template_smeared_king_pdf.TestTemplateSmearedKingPDFBlGrid" name="test_consistent_with_get_king_b_l" file="tests/test_template_smeared_king_pdf.py" line="206" time="0.000" /><testcase classname="tests.test_template_smeared_king_pdf.TestTemplateSmearedKingPDFSetCoordinates" name="test_cl_shape" file="tests/test_template_smeared_king_pdf.py" line="222" time="0.002" /><testcase classname="tests.test_template_smeared_king_pdf.TestTemplateSmearedKingPDFSetCoordinates" name="test_mismatched_shapes_raise" file="tests/test_template_smeared_king_pdf.py" line="228" time="0.000" /><testcase classname="tests.test_template_smeared_king_pdf.TestTemplateSmearedKingPDFSetCoordinates" name="test_idempotent_second_call" file="tests/test_template_smeared_king_pdf.py" line="235" time="0.001" /><testcase classname="tests.test_template_smeared_king_pdf.TestTemplateSmearedKingPDFConvolveMap" name="test_output_length" file="tests/test_template_smeared_king_pdf.py" line="250" time="0.000" /><testcase classname="tests.test_template_smeared_king_pdf.TestTemplateSmearedKingPDFConvolveMap" name="test_output_finite" file="tests/test_template_smeared_king_pdf.py" line="254" time="0.000" /><testcase classname="tests.test_template_smeared_king_pdf.TestTemplateSmearedKingPDFConvolveMap" name="test_uniform_map_stays_uniform" file="tests/test_template_smeared_king_pdf.py" line="258" time="0.000" /><testcase classname="tests.test_template_smeared_king_pdf.TestTemplateSmearedKingPDFConvolveMap" name="test_total_flux_preserved" file="tests/test_template_smeared_king_pdf.py" line="264" time="0.011" /><testcase classname="tests.test_template_smeared_king_pdf.TestTemplateSmearedKingPDFConvolveMap" name="test_point_source_broadens" file="tests/test_template_smeared_king_pdf.py" line="271" time="0.000" /><testcase classname="tests.test_template_smeared_king_pdf.TestTemplateSmearedKingPDFConvolveAtGridPoint" name="test_output_shape" file="tests/test_template_smeared_king_pdf.py" line="284" time="0.002" /><testcase classname="tests.test_template_smeared_king_pdf.TestTemplateSmearedKingPDFConvolveAtGridPoint" name="test_matches_convolve_map_at_pixel_centers" file="tests/test_template_smeared_king_pdf.py" line="291" time="0.003" /><testcase classname="tests.test_template_smeared_king_pdf.TestTemplateSmearedKingPDFConvolveAtGridPoint" name="test_scalar_coords_work" file="tests/test_template_smeared_king_pdf.py" line="305" time="0.001" /><testcase classname="tests.test_template_smeared_king_pdf.TestTemplateSmearedKingPDFSample" name="test_returns_two_arrays" file="tests/test_template_smeared_king_pdf.py" line="317" time="0.000" /><testcase classname="tests.test_template_smeared_king_pdf.TestTemplateSmearedKingPDFSample" name="test_output_length[1]" file="tests/test_template_smeared_king_pdf.py" line="321" time="0.000" /><testcase classname="tests.test_template_smeared_king_pdf.TestTemplateSmearedKingPDFSample" name="test_output_length[50]" file="tests/test_template_smeared_king_pdf.py" line="321" time="0.000" /><testcase classname="tests.test_template_smeared_king_pdf.TestTemplateSmearedKingPDFSample" name="test_output_length[200]" file="tests/test_template_smeared_king_pdf.py" line="321" time="0.000" /><testcase classname="tests.test_template_smeared_king_pdf.TestTemplateSmearedKingPDFSample" name="test_ra_in_range" file="tests/test_template_smeared_king_pdf.py" line="327" time="0.000" /><testcase classname="tests.test_template_smeared_king_pdf.TestTemplateSmearedKingPDFSample" name="test_dec_in_range" file="tests/test_template_smeared_king_pdf.py" line="331" time="0.000" /><testcase classname="tests.test_template_smeared_king_pdf.TestTemplateSmearedKingPDFSample" name="test_reproducible_with_rng" file="tests/test_template_smeared_king_pdf.py" line="335" time="0.001" /><testcase classname="tests.test_utils.TestInterp2DInterior" name="test_exact_at_grid_points" file="tests/test_utils.py" line="42" time="0.003" /><testcase classname="tests.test_utils.TestInterp2DInterior" name="test_midpoint_linear_grid" file="tests/test_utils.py" line="50" time="0.000" /><testcase classname="tests.test_utils.TestInterp2DInterior" name="test_product_grid_midpoint" file="tests/test_utils.py" line="58" time="0.000" /><testcase classname="tests.test_utils.TestInterp2DInterior" name="test_array_input_shape" file="tests/test_utils.py" line="67" time="0.000" /><testcase classname="tests.test_utils.TestInterp2DInterior" name="test_array_values_match_scalar" file="tests/test_utils.py" line="75" time="0.000" /><testcase classname="tests.test_utils.TestInterp2DInterior" name="test_float32_supported" file="tests/test_utils.py" line="84" time="0.000" /><testcase classname="tests.test_utils.TestInterp2DBoundary" name="test_clamp_below_x" file="tests/test_utils.py" line="100" time="0.001"><failure message="AssertionError: &#10;Not equal to tolerance rtol=1e-12, atol=0&#10;&#10;Mismatched elements: 1 / 1 (100%)&#10;Max absolute difference among violations: 1.&#10;Max relative difference among violations: 3.&#10; ACTUAL: array(-0.666667)&#10; DESIRED: array(0.333333)">self = &lt;tests.test_utils.TestInterp2DBoundary object at 0x1136f7110&gt;

    def test_clamp_below_x(self):
        """Query below xp[0] should return the x=xp[0] edge value."""
        xp, yp, z = _make_linear_grid()
&gt;       assert_allclose(_interp2d(-1.0, yp[2], xp, yp, z), z[0, 2], rtol=1e-12)
E       AssertionError: 
E       Not equal to tolerance rtol=1e-12, atol=0
E       
E       Mismatched elements: 1 / 1 (100%)
E       Max absolute difference among violations: 1.
E       Max relative difference among violations: 3.
E        ACTUAL: array(-0.666667)
E        DESIRED: array(0.333333)

tests/test_utils.py:104: AssertionError</failure></testcase><testcase classname="tests.test_utils.TestInterp2DBoundary" name="test_clamp_above_x" file="tests/test_utils.py" line="105" time="0.000"><failure message="AssertionError: &#10;Not equal to tolerance rtol=1e-12, atol=0&#10;&#10;Mismatched elements: 1 / 1 (100%)&#10;Max absolute difference among violations: 1.&#10;Max relative difference among violations: 0.75&#10; ACTUAL: array(2.333333)&#10; DESIRED: array(1.333333)">self = &lt;tests.test_utils.TestInterp2DBoundary object at 0x1136f7250&gt;

    def test_clamp_above_x(self):
        """Query above xp[-1] should return the x=xp[-1] edge value."""
        xp, yp, z = _make_linear_grid()
&gt;       assert_allclose(_interp2d(2.0, yp[2], xp, yp, z), z[-1, 2], rtol=1e-12)
E       AssertionError: 
E       Not equal to tolerance rtol=1e-12, atol=0
E       
E       Mismatched elements: 1 / 1 (100%)
E       Max absolute difference among violations: 1.
E       Max relative difference among violations: 0.75
E        ACTUAL: array(2.333333)
E        DESIRED: array(1.333333)

tests/test_utils.py:109: AssertionError</failure></testcase><testcase classname="tests.test_utils.TestInterp2DBoundary" name="test_clamp_below_y" file="tests/test_utils.py" line="110" time="0.000"><failure message="AssertionError: &#10;Not equal to tolerance rtol=1e-12, atol=0&#10;&#10;Mismatched elements: 1 / 1 (100%)&#10;Max absolute difference among violations: 1.&#10;Max relative difference among violations: 2.&#10; ACTUAL: array(-0.5)&#10; DESIRED: array(0.5)">self = &lt;tests.test_utils.TestInterp2DBoundary object at 0x1137810f0&gt;

    def test_clamp_below_y(self):
        """Query below yp[0] should return the y=yp[0] edge value."""
        xp, yp, z = _make_linear_grid()
&gt;       assert_allclose(_interp2d(xp[2], -1.0, xp, yp, z), z[2, 0], rtol=1e-12)
E       AssertionError: 
E       Not equal to tolerance rtol=1e-12, atol=0
E       
E       Mismatched elements: 1 / 1 (100%)
E       Max absolute difference among violations: 1.
E       Max relative difference among violations: 2.
E        ACTUAL: array(-0.5)
E        DESIRED: array(0.5)

tests/test_utils.py:114: AssertionError</failure></testcase><testcase classname="tests.test_utils.TestInterp2DBoundary" name="test_clamp_above_y" file="tests/test_utils.py" line="115" time="0.000"><failure message="AssertionError: &#10;Not equal to tolerance rtol=1e-12, atol=0&#10;&#10;Mismatched elements: 1 / 1 (100%)&#10;Max absolute difference among violations: 1.&#10;Max relative difference among violations: 0.66666667&#10; ACTUAL: array(2.5)&#10; DESIRED: array(1.5)">self = &lt;tests.test_utils.TestInterp2DBoundary object at 0x113780fc0&gt;

    def test_clamp_above_y(self):
        """Query above yp[-1] should return the y=yp[-1] edge value."""
        xp, yp, z = _make_linear_grid()
&gt;       assert_allclose(_interp2d(xp[2], 2.0, xp, yp, z), z[2, -1], rtol=1e-12)
E       AssertionError: 
E       Not equal to tolerance rtol=1e-12, atol=0
E       
E       Mismatched elements: 1 / 1 (100%)
E       Max absolute difference among violations: 1.
E       Max relative difference among violations: 0.66666667
E        ACTUAL: array(2.5)
E        DESIRED: array(1.5)

tests/test_utils.py:119: AssertionError</failure></testcase><testcase classname="tests.test_utils.TestInterp2DBoundary" name="test_corner_bottom_left" file="tests/test_utils.py" line="120" time="0.000" /><testcase classname="tests.test_utils.TestInterp2DBoundary" name="test_corner_top_right" file="tests/test_utils.py" line="125" time="0.000" /><testcase classname="tests.test_utils.TestInterp2DBoundary" name="test_corner_bottom_right" file="tests/test_utils.py" line="130" time="0.000" /><testcase classname="tests.test_utils.TestInterp2DBoundary" name="test_corner_top_left" file="tests/test_utils.py" line="135" time="0.000" /><testcase classname="tests.test_utils.TestMap2Nside" name="test_round_trip[1]" file="tests/test_utils.py" line="147" time="0.000" /><testcase classname="tests.test_utils.TestMap2Nside" name="test_round_trip[2]" file="tests/test_utils.py" line="147" time="0.000" /><testcase classname="tests.test_utils.TestMap2Nside" name="test_round_trip[4]" file="tests/test_utils.py" line="147" time="0.000" /><testcase classname="tests.test_utils.TestMap2Nside" name="test_round_trip[8]" file="tests/test_utils.py" line="147" time="0.000" /><testcase classname="tests.test_utils.TestMap2Nside" name="test_round_trip[16]" file="tests/test_utils.py" line="147" time="0.000" /><testcase classname="tests.test_utils.TestMap2Nside" name="test_round_trip[32]" file="tests/test_utils.py" line="147" time="0.000" /><testcase classname="tests.test_utils.TestMap2Nside" name="test_round_trip[64]" file="tests/test_utils.py" line="147" time="0.000" /><testcase classname="tests.test_utils.TestMap2Nside" name="test_round_trip[128]" file="tests/test_utils.py" line="147" time="0.000" /><testcase classname="tests.test_utils.TestMap2Nside" name="test_round_trip[256]" file="tests/test_utils.py" line="147" time="0.001" /><testcase classname="tests.test_utils.TestMap2Nside" name="test_round_trip[512]" file="tests/test_utils.py" line="147" time="0.002" /><testcase classname="tests.test_utils.TestMap2Nside" name="test_returns_int" file="tests/test_utils.py" line="153" time="0.000" /><testcase classname="tests.test_utils.TestAngularDistance" name="test_self_distance_is_zero" file="tests/test_utils.py" line="163" time="0.016" /><testcase classname="tests.test_utils.TestAngularDistance" name="test_antipodal_distance_is_pi" file="tests/test_utils.py" line="168" time="0.000" /><testcase classname="tests.test_utils.TestAngularDistance" name="test_equatorial_90deg" file="tests/test_utils.py" line="173" time="0.000" /><testcase classname="tests.test_utils.TestAngularDistance" name="test_symmetry" file="tests/test_utils.py" line="181" time="0.000" /><testcase classname="tests.test_utils.TestAngularDistance" name="test_pole_to_pole" file="tests/test_utils.py" line="189" time="0.000" /><testcase classname="tests.test_utils.TestAngularDistance" name="test_nonnegative" file="tests/test_utils.py" line="197" time="0.052" /><testcase classname="tests.test_utils.TestAngularDistance" name="test_output_in_range" file="tests/test_utils.py" line="205" time="0.000" /><testcase classname="tests.test_utils.TestMeshgrid2d" name="test_output_shape" file="tests/test_utils.py" line="220" time="0.000" /><testcase classname="tests.test_utils.TestMeshgrid2d" name="test_a_values_constant_along_rows" file="tests/test_utils.py" line="227" time="0.000" /><testcase classname="tests.test_utils.TestMeshgrid2d" name="test_b_values_constant_along_columns" file="tests/test_utils.py" line="235" time="0.000" /><testcase classname="tests.test_utils.TestMeshgrid2d" name="test_matches_numpy_meshgrid" file="tests/test_utils.py" line="243" time="0.000" /><testcase classname="tests.test_utils.TestMeshgrid2d" name="test_dtype_preserved" file="tests/test_utils.py" line="252" time="0.077" /></testsuite></testsuites>